[INFO] Scanning for projects...
[INFO]
[INFO] -------------------------< org.hara:hara.lang >-------------------------
[INFO] Building hara.lang 0.0.1-SNAPSHOT
[INFO]   from pom.xml
[INFO] --------------------------------[ jar ]---------------------------------
[INFO]
[INFO] --- resources:3.3.1:resources (default-resources) @ hara.lang ---
[INFO] skip non existing resourceDirectory /app/src/main/resources
[INFO]
[INFO] --- compiler:3.8.1:compile (default-compile) @ hara.lang ---
[INFO] Changes detected - recompiling the module!
[INFO] Compiling 75 source files to /app/target/classes
[INFO] /app/src/main/java/hara/lang/base/Obj.java: Some input files use unchecked or unsafe operations.
[INFO] /app/src/main/java/hara/lang/base/Obj.java: Recompile with -Xlint:unchecked for details.
[INFO]
[INFO] --- resources:3.3.1:testResources (default-testResources) @ hara.lang ---
[INFO] skip non existing resourceDirectory /app/src/test/resources
[INFO]
[INFO] --- compiler:3.8.1:testCompile (default-testCompile) @ hara.lang ---
[INFO] Changes detected - recompiling the module!
[INFO] Compiling 30 source files to /app/target/test-classes
[INFO] /app/src/test/java/hara/lang/lib/EvalTest.java: Some input files use unchecked or unsafe operations.
[INFO] /app/src/test/java/hara/lang/lib/EvalTest.java: Recompile with -Xlint:unchecked for details.
[INFO]
[INFO] --- surefire:3.0.0-M5:test (default-test) @ hara.lang ---
[INFO]
[INFO] -------------------------------------------------------
[INFO]  T E S T S
[INFO] -------------------------------------------------------
[INFO] Running hara.lang.compiler.HotspotTest
[ERROR] Tests run: 2, Failures: 2, Errors: 0, Skipped: 0, Time elapsed: 0.33 s <<< FAILURE! - in hara.lang.compiler.HotspotTest
[ERROR] hara.lang.compiler.HotspotTest.testHotspotJit  Time elapsed: 0.24 s  <<< FAILURE!
java.lang.AssertionError: Should have compiled
	at hara.lang.compiler.HotspotTest.testHotspotJit(HotspotTest.java:38)

[ERROR] hara.lang.compiler.HotspotTest.testHotspotJitComplex  Time elapsed: 0.038 s  <<< FAILURE!
java.lang.AssertionError
	at hara.lang.compiler.HotspotTest.testHotspotJitComplex(HotspotTest.java:81)

[INFO]
[INFO] Results:
[INFO]
[ERROR] Failures:
[ERROR]   HotspotTest.testHotspotJit:38 Should have compiled
[ERROR]   HotspotTest.testHotspotJitComplex:81
[INFO]
[ERROR] Tests run: 2, Failures: 2, Errors: 0, Skipped: 0
[INFO]
[INFO] ------------------------------------------------------------------------
[INFO] BUILD FAILURE
[INFO] ------------------------------------------------------------------------
[INFO] Total time:  6.650 s
[INFO] Finished at: 2025-11-27T10:58:31Z
[INFO] ------------------------------------------------------------------------
[ERROR] Failed to execute goal org.apache.maven.plugins:maven-surefire-plugin:3.0.0-M5:test (default-test) on project hara.lang: There are test failures.
[ERROR]
[ERROR] Please refer to /app/target/surefire-reports for the individual test results.
[ERROR] Please refer to dump files (if any exist) [date].dump, [date]-jvmRun[N].dump and [date].dumpstream.
[ERROR] -> [Help 1]
[ERROR]
[ERROR] To see the full stack trace of the errors, re-run Maven with the -e switch.
[ERROR] Re-run Maven using the -X switch to enable full debug logging.
[ERROR]
[ERROR] For more information about the errors and possible solutions, please read the following articles:
[ERROR] [Help 1] http://cwiki.apache.org/confluence/display/MAVEN/MojoFailureException
